// Jest Snapshot v1, https://goo.gl/fbAQLP

exports[`tests feature tests can apply labels 1`] = `
Array [
  Array [
    Object {
      "issue_number": 123,
      "labels": Array [
        ":dart: landed",
        "release-current_tag_name",
        "Release Name",
      ],
    },
  ],
  Array [
    Object {
      "issue_number": 7,
      "labels": Array [
        ":dart: landed",
        "release-current_tag_name",
        "Release Name",
      ],
    },
  ],
]
`;

exports[`tests main test 1`] = `
Object {
  "graphql": [MockFunction] {
    "calls": Array [
      Array [
        "
            {
              resource(url: \\"http://repository/commit/SHA1\\") {
                ... on Commit {
                  messageHeadlineHTML
                  messageBodyHTML
                  associatedPullRequests(first: 10) {
                    pageInfo {
                      hasNextPage
                    }
                    edges {
                      node {
                        bodyHTML
                        number
                        labels(first: 10) {
                          pageInfo {
                            hasNextPage
                          }
                          nodes {
                            name
                          }
                        }
                        timelineItems(itemTypes: [CONNECTED_EVENT, DISCONNECTED_EVENT], first: 100) {
                          pageInfo {
                            hasNextPage
                          }
                          nodes {
                            ... on ConnectedEvent {
                              __typename
                              isCrossRepository
                              subject {
                                ... on Issue {
                                  number
                                }
                              }
                            }
                            ... on DisconnectedEvent {
                              __typename
                              isCrossRepository
                              subject {
                                ... on Issue {
                                  number
                                }
                              }
                            }
                          }
                        }
                      }
                    }
                  }
                }
              }
            }
          ",
      ],
      Array [
        "
            {
              resource(url: \\"http://repository/commit/SHA2\\") {
                ... on Commit {
                  messageHeadlineHTML
                  messageBodyHTML
                  associatedPullRequests(first: 10) {
                    pageInfo {
                      hasNextPage
                    }
                    edges {
                      node {
                        bodyHTML
                        number
                        labels(first: 10) {
                          pageInfo {
                            hasNextPage
                          }
                          nodes {
                            name
                          }
                        }
                        timelineItems(itemTypes: [CONNECTED_EVENT, DISCONNECTED_EVENT], first: 100) {
                          pageInfo {
                            hasNextPage
                          }
                          nodes {
                            ... on ConnectedEvent {
                              __typename
                              isCrossRepository
                              subject {
                                ... on Issue {
                                  number
                                }
                              }
                            }
                            ... on DisconnectedEvent {
                              __typename
                              isCrossRepository
                              subject {
                                ... on Issue {
                                  number
                                }
                              }
                            }
                          }
                        }
                      }
                    }
                  }
                }
              }
            }
          ",
      ],
    ],
    "results": Array [
      Object {
        "type": "return",
        "value": Promise {},
      },
      Object {
        "type": "return",
        "value": Promise {},
      },
    ],
  },
  "rest": Object {
    "issues": Object {
      "addLabels": [MockFunction],
      "createComment": [MockFunction] {
        "calls": Array [
          Array [
            Object {
              "body": "Included in release [current_tag_name](http://current_release). Replacements: current_tag_name, current_tag_name.",
              "issue_number": 3,
            },
          ],
          Array [
            Object {
              "body": "Included in release [current_tag_name](http://current_release). Replacements: current_tag_name, current_tag_name.",
              "issue_number": 123,
            },
          ],
          Array [
            Object {
              "body": "Included in release [current_tag_name](http://current_release). Replacements: current_tag_name, current_tag_name.",
              "issue_number": 7,
            },
          ],
          Array [
            Object {
              "body": "Included in release [current_tag_name](http://current_release). Replacements: current_tag_name, current_tag_name.",
              "issue_number": 4,
            },
          ],
          Array [
            Object {
              "body": "Included in release [current_tag_name](http://current_release). Replacements: current_tag_name, current_tag_name.",
              "issue_number": 5,
            },
          ],
          Array [
            Object {
              "body": "Included in release [current_tag_name](http://current_release). Replacements: current_tag_name, current_tag_name.",
              "issue_number": 9,
            },
          ],
          Array [
            Object {
              "body": "Included in release [current_tag_name](http://current_release). Replacements: current_tag_name, current_tag_name.",
              "issue_number": 2,
            },
          ],
        ],
        "results": Array [
          Object {
            "type": "return",
            "value": Promise {},
          },
          Object {
            "type": "return",
            "value": Promise {},
          },
          Object {
            "type": "return",
            "value": Promise {},
          },
          Object {
            "type": "return",
            "value": Promise {},
          },
          Object {
            "type": "return",
            "value": Promise {},
          },
          Object {
            "type": "return",
            "value": Promise {},
          },
          Object {
            "type": "return",
            "value": Promise {},
          },
        ],
      },
    },
    "repos": Object {
      "compareCommits": [MockFunction] {
        "calls": Array [
          Array [
            Object {
              "base": "prior_tag_name",
              "head": "current_tag_name",
            },
          ],
        ],
        "results": Array [
          Object {
            "type": "return",
            "value": Promise {},
          },
        ],
      },
      "listReleases": [MockFunction] {
        "calls": Array [
          Array [
            Object {
              "per_page": 2,
            },
          ],
        ],
        "results": Array [
          Object {
            "type": "return",
            "value": Promise {},
          },
        ],
      },
    },
  },
}
`;
